>AP006725.1_fimA
MKIKTLAMIVVSALSLSSTAALADTTTVNGGTVHFKGEVVNAACAVDAGSIDQTVQLGQVRSAKLATAGSTSSAVGFNIQLDDCDTTVATKASVAFAGTAIDSSNTTVLALQNSAAGSATNVGVQILDNTGTPLALDGATFSAATTLNDGPNIIPFQARYYATGAATAGIANADATFKVQYE

>AP006725.1_fimB
MPAIKGKTMTNNADLKKRNFLTQNEIESLLKAADTGPYAARNYCLTLLCFIHGLRASEICRLRISDIDLAARCVYIHRLKKGFSTTHPLLDKEIYALKRWLAIRSSWPQAASEWLFLSRKGNPLSRQQFYQIIASSGGLAGLPLEIHPHMLRHSCGFALANMGIDTRLIQDYLGHRNIRHTVWYTASNAGRFYGIWDNPRDKQRSSLIQ

>AP006725.1_fimK
MMTDYILSPCSLAARGLSQLMLNAAKRPVELPVEGVSLRELAAVKRIVVYLPDDPLWMLTTLRQAARLLDEALPPLPMLILSRSPAIWLWQTLLYQVSHPDRLRNVHTAPADLSCAELAHRLENAPRLERLAGEAALIHGKRVAGLTHAELKVILALLQGQTIGEQAQRLGLSQKTLYTQRLAGVKKLVECHPHLAPRFPRTLLPRSPANALTAFEQEWVQAIHDRQVFPVFQPIVDSRSQLQGVEILIRWRHRGQVLHPQTFLPHFRADYTWLLLTAFVLQEAVQNINEYPGAFYFSVNIPSSLADSDSLLRMVEAARQQLRQPEGVTRLVLEYAETIDFRHQSRSAAHVAQLQRAGVRVMLDDCFSQGSVIFPARRLHFNAYKLDMSIVNDAQHDPKALALIKSLAYYCQLSDSRCVAEGVDSLAKFTQLKSLGIDRFQGYLFSPPMRREHLPDLIRRFSHQRDPADR

>AP006725.1_fimH
MMKKIIPLFTTLLLLGWSMNAWSFACKTATGATIPIGGGSANVYVNLTPAVNVGQNLVVDLSTQIFCHNDYPETITDYVTLQRGSAYGGVLSSFSGTVKYNGTSYPFPTTTETARVIYDSRTDKPWPAVLYLTPVSTAGGVAITAGSLIAVLILHQTNNYNSDSFHFIWNIYANNDVVVPTGGCDVSARDVTVTLPDYPGSMAVPLTVHCAQSQQLGYYLSGTTADSANAIFTNTASASPAQGIGVQLTRNGSAVPANSTVSLGTVGTSPVNLGLTATYARTTGQVTAGNVQSIIGITFVYQ

