>AP006725.1_fimH
MMKKIIPLFTTLLLLGWSMNAWSFACKTATGATIPIGGGSANVYVNLTPAVNVGQNLVVDLSTQIFCHNDYPETITDYVTLQRGSAYGGVLSSFSGTVKYNGTSYPFPTTTETARVIYDSRTDKPWPAVLYLTPVSTAGGVAITAGSLIAVLILHQTNNYNSDSFHFIWNIYANNDVVVPTGGCDVSARDVTVTLPDYPGSMAVPLTVHCAQSQQLGYYLSGTTADSANAIFTNTASASPAQGIGVQLTRNGSAVPANSTVSLGTVGTSPVNLGLTATYARTTGQVTAGNVQSIIGITFVYQ

