>AP006725.1_fimK
MMTDYILSPCSLAARGLSQLMLNAAKRPVELPVEGVSLRELAAVKRIVVYLPDDPLWMLTTLRQAARLLDEALPPLPMLILSRSPAIWLWQTLLYQVSHPDRLRNVHTAPADLSCAELAHRLENAPRLERLAGEAALIHGKRVAGLTHAELKVILALLQGQTIGEQAQRLGLSQKTLYTQRLAGVKKLVECHPHLAPRFPRTLLPRSPANALTAFEQEWVQAIHDRQVFPVFQPIVDSRSQLQGVEILIRWRHRGQVLHPQTFLPHFRADYTWLLLTAFVLQEAVQNINEYPGAFYFSVNIPSSLADSDSLLRMVEAARQQLRQPEGVTRLVLEYAETIDFRHQSRSAAHVAQLQRAGVRVMLDDCFSQGSVIFPARRLHFNAYKLDMSIVNDAQHDPKALALIKSLAYYCQLSDSRCVAEGVDSLAKFTQLKSLGIDRFQGYLFSPPMRREHLPDLIRRFSHQRDPADR

