>AP006725.1_fimD
MSHRKYGLDHLGCRTARRLVSPALALWLCSQPFAARADLYFNPRFLADDPAAVADLSGFEKGQEVPPGTYRVDIYLNNGFMTTRDVTFQADAQGHGLSPCLTRGQLASMGVDTGRVPGMATLDSTACVPLTTLISEATTRFDVGQQRLYLTVPQAFMGNHARGYIPPELWDNGITAGLINYNFTGNNAHNTTGGSSRYAYLNLQSGLNIGAWRLRDNSTWSYSSGGSTSSNENRWQHVNSWLERDITPLRSRLTLGDSYTNGDVFDGINFRGAQLASDDNMLPDSQKGFAPVIHGIARGTAQVSIRQNGYEIYQSTVPPGPFTIDDLYAAGNGGDLQVTIKEADGSRQVFSVPWSTVPVLQREGHTRFALTAGEYRSGNSQQETPDFFQGTAMHGLPAGWTLYGGTQLADRYRAFNLGVGKNMGYFGALSLDITQANATLADDSEHQGQSVRFLYNKSLDETGTNLQLVGYRYSTRGYYNFADTTYRRMSGYSVETQDGVIQVKPKFTDYYNLAYSKRGKVQLSVTQQLGRTATLYLSGSHQTYWGTDDADEQLQAGLNAAVDDINWSLSYSLTKNAWQQGRDQMLAININIPFSHWLRSDSRSVWRHASASYSLSHDLNGRMTNLAGLYGTLLEDNNLSYSVQTGYAGGGNGDNGSTGYTALNYRGGYGNANVGYSRSDGFKQLYYGVSGGVLAHANGITLSQPLNDTVVLVKAPGAGGVKVENQTGVRTDWRGYAVLPYATEYRENRIALDTNTLADNVDLDDAVVSVVPTHGAIVRANFNAQVGMKILMTLTHRGKPVPFGALATGDSNQSGSIVADNGQVYLSGMPLAGKVRVKWGDGPDAQCVADYRLPPESQQQALSQLSVACR

